2026-08-11 21:28:50 - Array
(
    [action] => list
    [post] => Array
        (
            [action] => list
        )

    [session] => Activa
)

2026-08-11 21:29:24 - Array
(
    [action] => create
    [post] => Array
        (
            [action] => create
            [id] => 
            [id_rol] => 1
            [id_carrera] => 
            [nombre] => Yahir
            [apellido_paterno] => Armengod
            [apellido_materno] => Delgadillo
            [usuario] => ayahir
            [contrasena] => ingyahir
            [correo] => 
            [telefono] => 
            [activo] => 1
        )

    [session] => Activa
)

2026-08-11 21:29:25 - Array
(
    [action] => list
    [post] => Array
        (
            [action] => list
        )

    [session] => Activa
)

2026-08-11 21:31:26 - Array
(
    [action] => create
    [post] => Array
        (
            [action] => create
            [id] => 
            [id_rol] => 2
            [id_carrera] => 5
            [nombre] => Raul
            [apellido_paterno] => Castelan
            [apellido_materno] => Diaz
            [usuario] => araul
            [contrasena] => doccastelan
            [correo] => 
            [telefono] => 
            [activo] => 1
        )

    [session] => Activa
)

2026-08-11 21:31:27 - Array
(
    [action] => list
    [post] => Array
        (
            [action] => list
        )

    [session] => Activa
)

2026-08-11 21:31:34 - Array
(
    [action] => list
    [post] => Array
        (
            [action] => list
        )

    [session] => Activa
)

2026-08-11 21:31:38 - Array
(
    [action] => list
    [post] => Array
        (
            [action] => list
        )

    [session] => Activa
)

2026-08-11 21:35:57 - Array
(
    [action] => list
    [post] => Array
        (
            [action] => list
        )

    [session] => Activa
)

2026-08-11 21:36:18 - Array
(
    [action] => login
    [post] => Array
        (
            [action] => login
            [usuario] => avega
            [password] => ingvega
        )

    [session] => No activa
)

2026-08-11 21:37:08 - Array
(
    [action] => list
    [post] => Array
        (
            [action] => list
        )

    [session] => Activa
)

2026-08-11 21:42:35 - Array
(
    [action] => list
    [post] => Array
        (
            [action] => list
        )

    [session] => Activa
)

2026-08-11 21:42:42 - Array
(
    [action] => login
    [post] => Array
        (
            [action] => login
            [usuario] => avega
            [password] => ingvea
        )

    [session] => No activa
)

2026-08-11 21:42:45 - Array
(
    [action] => login
    [post] => Array
        (
            [action] => login
            [usuario] => avega
            [password] => ingvega
        )

    [session] => No activa
)

2026-08-11 21:42:48 - Array
(
    [action] => list
    [post] => Array
        (
            [action] => list
        )

    [session] => Activa
)

2026-08-11 21:42:56 - Array
(
    [action] => login
    [post] => Array
        (
            [action] => login
            [usuario] => avega
            [password] => ingvega
        )

    [session] => No activa
)

2026-08-11 21:43:02 - Array
(
    [action] => list
    [post] => Array
        (
            [action] => list
        )

    [session] => Activa
)

2026-08-11 21:43:03 - Array
(
    [action] => list
    [post] => Array
        (
            [action] => list
        )

    [session] => Activa
)

2026-08-11 21:43:07 - Array
(
    [action] => login
    [post] => Array
        (
            [action] => login
            [usuario] => avega
            [password] => ingvega
        )

    [session] => No activa
)

2026-08-11 21:43:13 - Array
(
    [action] => login
    [post] => Array
        (
            [action] => login
            [usuario] => avega
            [password] => ingvega
        )

    [session] => No activa
)

2026-08-11 21:43:20 - Array
(
    [action] => login
    [post] => Array
        (
            [action] => login
            [usuario] => avega
            [password] => ingvega
        )

    [session] => No activa
)

2026-08-11 21:43:25 - Array
(
    [action] => login
    [post] => Array
        (
            [action] => login
            [usuario] => avega
            [password] => ingvega
        )

    [session] => No activa
)

2026-08-11 21:43:28 - Array
(
    [action] => list
    [post] => Array
        (
            [action] => list
        )

    [session] => Activa
)

2026-08-11 21:43:33 - Array
(
    [action] => list
    [post] => Array
        (
            [action] => list
        )

    [session] => Activa
)

2026-08-11 21:43:35 - Array
(
    [action] => list
    [post] => Array
        (
            [action] => list
        )

    [session] => Activa
)

2026-08-11 21:43:52 - Array
(
    [action] => list
    [post] => Array
        (
            [action] => list
        )

    [session] => Activa
)

2026-08-11 21:46:49 - Array
(
    [action] => list
    [post] => Array
        (
            [action] => list
        )

    [session] => Activa
)

2026-08-11 21:47:13 - Array
(
    [action] => create
    [post] => Array
        (
            [action] => create
            [id] => 
            [id_rol] => 2
            [id_carrera] => 5
            [nombre] => prueba
            [apellido_paterno] => prueba
            [apellido_materno] => prueba
            [usuario] => prueba
            [contrasena] => PREUBA
            [correo] => 
            [telefono] => 
            [activo] => 1
        )

    [session] => Activa
)

2026-08-11 21:47:14 - Array
(
    [action] => list
    [post] => Array
        (
            [action] => list
        )

    [session] => Activa
)

2026-08-11 21:47:22 - Array
(
    [action] => delete
    [post] => Array
        (
            [action] => delete
            [id] => 6
        )

    [session] => Activa
)

2026-08-11 21:47:23 - Array
(
    [action] => list
    [post] => Array
        (
            [action] => list
        )

    [session] => Activa
)

2026-08-11 21:47:30 - Array
(
    [action] => delete
    [post] => Array
        (
            [action] => delete
            [id] => 6
        )

    [session] => Activa
)

2026-08-11 21:47:32 - Array
(
    [action] => list
    [post] => Array
        (
            [action] => list
        )

    [session] => Activa
)

2026-08-11 21:47:36 - Array
(
    [action] => get
    [post] => Array
        (
            [action] => get
            [id] => 6
        )

    [session] => Activa
)

2026-08-11 21:47:43 - Array
(
    [action] => update
    [post] => Array
        (
            [action] => update
            [id] => 6
            [id_rol] => 2
            [id_carrera] => 5
            [nombre] => prueba
            [apellido_paterno] => prueba
            [apellido_materno] => prueba
            [usuario] => prueba
            [contrasena] => 
            [correo] => 
            [telefono] => 
            [activo] => 1
        )

    [session] => Activa
)

2026-08-11 21:47:45 - Array
(
    [action] => list
    [post] => Array
        (
            [action] => list
        )

    [session] => Activa
)

2026-08-11 21:48:08 - Array
(
    [action] => list
    [post] => Array
        (
            [action] => list
        )

    [session] => Activa
)

